12:39:46  [Init] Using injected VPM solver.
12:39:46  [Init] Time steps: dt_fvm=1.0000e-02 s, dt_vpm=5.0000e-02 s, period_multiplier=5.
12:39:47  [Handoff] ready: box x∈[-1.50,1.50]  h=0.040  σ=1.00h  ramp=0.240  dead_zone=0.000  L_buf=0.155  (CFL max_dt=5.000e-02 s)  prune: |ω|<0.005 1/s  (|Γ|<3.2e-07 m³/s)  overlap_shell×10.00
12:39:47  [Handoff] weighted trace (k=4), aligned remesh, circulation cap
12:39:47  [Init] VPM grid diffusion body mask enabled for box [-0.5031645569620253, 0.5031645569620253, -0.5031645569620253, 0.5031645569620253, -0.5031645569620253, 0.5031645569620253].
12:39:47  [Init] VPM diffusion lattice aligned with the handoff lattice.
12:39:47  [Fringe] strength=4.0 lambda_max=1.667e+01 1/s cells=192276
12:39:47  [Init] Impulsive start: zero VPM particles.
12:39:47  ============================================================
12:39:47  FVM-VPM COUPLED SOLVER
12:39:47  ============================================================
12:39:50       [Donor] particles=0
12:39:50       [Donor] Flux residual: raw=1.247e-07 m³/s (2.31e-09×U∞A)  post-projection=1.172e-14 m³/s (2.17e-16×U∞A)  δu_n=2.310e-09 m/s
12:39:50       [Donor deficit outflow axis=0 sign=+1] u_s/U∞ min=0.913 mean=0.976 max=1.000  n_face=6241
12:39:50       [Sub-cycle] 5×dt_fvm=1.000e-02 s  donor ΔBC max|Δu|/U∞=0.000
12:39:55       [FVM] solved with directional-outflow U / fixedFluxPressure  u_x/U∞ face[min=0.91 max=1.04]
12:39:55       [FVM wall] cube: y+ min=0.12 max=2.76 avg=1.69
12:40:00       [FVM] solved with directional-outflow U / fixedFluxPressure  u_x/U∞ face[min=0.91 max=1.04]
12:40:00       [FVM wall] cube: y+ min=0.08 max=2.36 avg=1.17
12:40:06       [FVM] solved with directional-outflow U / fixedFluxPressure  u_x/U∞ face[min=0.91 max=1.04]
12:40:06       [FVM wall] cube: y+ min=0.06 max=2.00 avg=0.91
12:40:12       [FVM] solved with directional-outflow U / fixedFluxPressure  u_x/U∞ face[min=0.91 max=1.04]
12:40:12       [FVM wall] cube: y+ min=0.10 max=2.08 avg=1.01
12:40:19       [FVM] solved with directional-outflow U / fixedFluxPressure  u_x/U∞ face[min=0.91 max=1.04]
12:40:19       [FVM wall] cube: y+ min=0.10 max=2.17 avg=1.11
12:40:24  [Handoff step=1] in=0 → out=335538  free=0  solid_removed=0  pruned=70712 (0.317% Σ|Γ|; shell=25954, 0.484% shell Σ|Γ|)  cap_pruned=0 (0.000% Σ|Γ|, δu_bound=0.000e+00 m/s)  CFL=0.32  |ΔΓ|/|Γ|=4.84e-13  flux_ratio=0.005
12:40:24       [Beale] mollification residual: 65.1% → 49.4%
12:40:24       [Inject] N_before=0  N_after=335538  |Γ|_before=0.0000e+00  |Γ|_after=1.2407e+01
12:40:24  [Timing step=1] VPM=2.780s donor=0.002s fringe=0.142s FVM=29.087s handoff=5.797s total=37.809s
