12:43:57  [Init] Using injected VPM solver.
12:43:57  [Init] Time steps: dt_fvm=1.0000e-02 s, dt_vpm=5.0000e-02 s, period_multiplier=5.
12:43:57  [Handoff] ready: box x∈[-1.50,1.50]  h=0.040  σ=1.00h  ramp=0.240  dead_zone=0.000  L_buf=0.155  (CFL max_dt=5.000e-02 s)  prune: |ω|<0.005 1/s  (|Γ|<3.2e-07 m³/s)  overlap_shell×10.00
12:43:57  [Handoff] weighted trace (k=4), aligned remesh, circulation cap
12:43:57  [Init] VPM grid diffusion body mask enabled for box [-0.5031645569620253, 0.5031645569620253, -0.5031645569620253, 0.5031645569620253, -0.5031645569620253, 0.5031645569620253].
12:43:57  [Init] VPM diffusion lattice aligned with the handoff lattice.
12:43:57  [Fringe] strength=4.0 lambda_max=1.667e+01 1/s cells=192276
12:43:57  [Init] Impulsive start: zero VPM particles.
12:43:57  ============================================================
12:43:57  FVM-VPM COUPLED SOLVER
12:43:57  ============================================================
12:44:01       [Donor] particles=0
12:44:01       [Donor] Flux residual: raw=5.425e-08 m³/s (1.00e-09×U∞A)  post-projection=1.992e-14 m³/s (3.69e-16×U∞A)  δu_n=1.005e-09 m/s
12:44:01       [Donor deficit outflow axis=0 sign=+1] u_s/U∞ min=0.913 mean=0.976 max=1.000  n_face=6241
12:44:01       [Sub-cycle] 5×dt_fvm=1.000e-02 s  donor ΔBC max|Δu|/U∞=0.000
12:44:08       [FVM] solved with directional-outflow mixed U/p  u_x/U∞ face[min=0.91 max=1.04]
12:44:08       [FVM wall] cube: y+ min=0.15 max=3.21 avg=1.92
12:44:15       [FVM] solved with directional-outflow mixed U/p  u_x/U∞ face[min=0.91 max=1.04]
12:44:15       [FVM wall] cube: y+ min=0.18 max=2.98 avg=1.71
12:44:23       [FVM] solved with directional-outflow mixed U/p  u_x/U∞ face[min=0.91 max=1.04]
12:44:23       [FVM wall] cube: y+ min=0.16 max=2.72 avg=1.50
12:44:30       [FVM] solved with directional-outflow mixed U/p  u_x/U∞ face[min=0.91 max=1.04]
12:44:30       [FVM wall] cube: y+ min=0.14 max=2.60 avg=1.36
12:44:39       [FVM] solved with directional-outflow mixed U/p  u_x/U∞ face[min=0.91 max=1.04]
12:44:39       [FVM wall] cube: y+ min=0.08 max=2.53 avg=1.26
12:44:44  [Handoff step=1] in=0 → out=175942  free=0  solid_removed=0  pruned=230308 (0.661% Σ|Γ|; shell=59193, 8.575% shell Σ|Γ|)  cap_pruned=0 (0.000% Σ|Γ|, δu_bound=0.000e+00 m/s)  CFL=0.32  |ΔΓ|/|Γ|=7.12e-13  flux_ratio=0.004
12:44:44       [Beale] mollification residual: 63.4% → 45.8%
12:44:44       [Inject] N_before=0  N_after=175942  |Γ|_before=0.0000e+00  |Γ|_after=1.0213e+01
12:44:44  [Timing step=1] VPM=3.562s donor=0.001s fringe=0.182s FVM=37.441s handoff=5.420s total=46.606s
