12:35:35  [Init] Using injected VPM solver.
12:35:35  [Init] Time steps: dt_fvm=1.0000e-02 s, dt_vpm=5.0000e-02 s, period_multiplier=5.
12:35:35  [Handoff] ready: box x∈[-1.50,1.50]  h=0.040  σ=1.00h  ramp=0.240  dead_zone=0.000  L_buf=0.155  (CFL max_dt=5.000e-02 s)  prune: |ω|<0.005 1/s  (|Γ|<3.2e-07 m³/s)  overlap_shell×10.00
12:35:35  [Handoff] weighted trace (k=4), aligned remesh, circulation cap
12:35:35  [Init] VPM grid diffusion body mask enabled for box [-0.5031645569620253, 0.5031645569620253, -0.5031645569620253, 0.5031645569620253, -0.5031645569620253, 0.5031645569620253].
12:35:35  [Init] VPM diffusion lattice aligned with the handoff lattice.
12:35:35  [Fringe] strength=4.0 lambda_max=1.667e+01 1/s cells=192276
12:35:35  [Init] Impulsive start: zero VPM particles.
12:35:35  ============================================================
12:35:35  FVM-VPM COUPLED SOLVER
12:35:35  ============================================================
12:35:42       [Donor] particles=0
12:35:42       [Donor] Flux residual: raw=4.466e-08 m³/s (8.27e-10×U∞A)  post-projection=-1.551e-15 m³/s (2.87e-17×U∞A)  δu_n=8.271e-10 m/s
12:35:42       [Donor deficit outflow axis=0 sign=+1] u_s/U∞ min=0.913 mean=0.976 max=1.000  n_face=6241
12:35:42       [Sub-cycle] 5×dt_fvm=1.000e-02 s  donor ΔBC max|Δu|/U∞=0.000
12:35:50       [FVM] solved with directional-outflow U/p  u_x/U∞ face[min=0.91 max=1.04]
12:35:50       [FVM wall] cube: y+ min=0.15 max=3.21 avg=1.92
12:35:58       [FVM] solved with directional-outflow U/p  u_x/U∞ face[min=0.91 max=1.04]
12:35:58       [FVM wall] cube: y+ min=0.18 max=2.98 avg=1.71
12:36:05       [FVM] solved with directional-outflow U/p  u_x/U∞ face[min=0.91 max=1.04]
12:36:05       [FVM wall] cube: y+ min=0.16 max=2.72 avg=1.50
12:36:13       [FVM] solved with directional-outflow U/p  u_x/U∞ face[min=0.91 max=1.04]
12:36:13       [FVM wall] cube: y+ min=0.14 max=2.60 avg=1.36
12:36:21       [FVM] solved with directional-outflow U/p  u_x/U∞ face[min=0.91 max=1.04]
12:36:21       [FVM wall] cube: y+ min=0.10 max=2.53 avg=1.26
12:36:27  [Handoff step=1] in=0 → out=175960  free=0  solid_removed=0  pruned=230290 (0.665% Σ|Γ|; shell=58767, 8.844% shell Σ|Γ|)  cap_pruned=0 (0.000% Σ|Γ|, δu_bound=0.000e+00 m/s)  CFL=0.32  |ΔΓ|/|Γ|=1.07e-12  flux_ratio=0.004
12:36:27       [Beale] mollification residual: 63.3% → 45.7%
12:36:27       [Inject] N_before=0  N_after=175960  |Γ|_before=0.0000e+00  |Γ|_after=1.0188e+01
12:36:27  [Timing step=1] VPM=7.080s donor=0.001s fringe=0.235s FVM=38.933s handoff=6.255s total=52.503s
